Rectangle: topLeft=(1.000000, 2.000000), bottomRight=(4.000000, 6.000000)
Width: 3.000000, Height: 4.000000
Area: 12.000000
