Point 1: (0.000000, 0.000000)
Point 2: (3.000000, 4.000000)
Distance: 5.000000
Color: RGB(255, 128, 64)