Point: (1.000000, 2.000000)
Complex: 3.000000 + 4.000000i
Packed: a=1, b=100, c=2
